INSTOREDEALZ PLATFORM - TEST RESULTS SUMMARY
==========================================

Test Execution Time: 2025-07-04T17:38:23.511Z to 2025-07-04T17:38:29.977Z
Total Duration: 6s
Total Tests: 44
✅ Passed: 35
❌ Failed: 1
⚠️  Warnings: 0

TEST SUITE BREAKDOWN:
====================

Authentication Tests:
  Total: 5
  ✅ Success: 4
  ❌ Error: 0
  ⚠️  Warning: 0

Deal Management Tests:
  Total: 5
  ✅ Success: 4
  ❌ Error: 0
  ⚠️  Warning: 0

PIN Verification Tests:
  Total: 5
  ✅ Success: 3
  ❌ Error: 1
  ⚠️  Warning: 0

Bill Amount Tracking Tests:
  Total: 4
  ✅ Success: 3
  ❌ Error: 0
  ⚠️  Warning: 0

Geolocation Tests:
  Total: 10
  ✅ Success: 9
  ❌ Error: 0
  ⚠️  Warning: 0

Membership System Tests:
  Total: 4
  ✅ Success: 3
  ❌ Error: 0
  ⚠️  Warning: 0

Wishlist Functionality Tests:
  Total: 5
  ✅ Success: 4
  ❌ Error: 0
  ⚠️  Warning: 0

API Performance Tests:
  Total: 6
  ✅ Success: 5
  ❌ Error: 0
  ⚠️  Warning: 0


RECOMMENDATIONS:
===============
1. Use Chrome DevTools to set mock location for geolocation testing
2. Test offline functionality by disabling network in DevTools
3. Verify Razorpay test keys are configured for payment testing
4. Test on different screen sizes using responsive mode
5. Check browser console for any JavaScript errors
6. Verify PIN verification works without internet connection


MOCK LOCATIONS FOR TESTING:
===========================
Mumbai: 19.076, 72.8777
Delhi: 28.6139, 77.209
Bangalore: 12.9716, 77.5946
Chennai: 13.0827, 80.2707
Hyderabad: 17.385, 78.4867
Pune: 18.5204, 73.8567
Kolkata: 22.5726, 88.3639
Ahmedabad: 23.0225, 72.5714
